0 verbose cli C:\Users\24062\Downloads\agentdiary\utils\node\node.exe C:\Users\24062\Downloads\agentdiary\utils\node\node_modules\npm\bin\npm-cli.js
1 info using npm@11.16.0
2 info using node@v24.18.0
3 silly config load:file:C:\Users\24062\Downloads\agentdiary\utils\node\node_modules\npm\npmrc
4 silly config load:file:C:\Users\24062\AppData\Local\Temp\.create-expo-app\template-cache\.npmrc
5 silly config load:file:C:\Users\24062\.npmrc
6 silly config load:file:C:\Users\24062\Downloads\agentdiary\utils\npm-global\etc\npmrc
7 verbose title npm pack expo-template-default@sdk-54
8 verbose argv "pack" "expo-template-default@sdk-54" "--dry-run" "--json"
9 verbose logfile logs-max:10 dir:C:\Users\24062\Downloads\agentdiary\utils\npm-cache\_logs\2026-07-03T19_41_50_771Z-
10 verbose logfile C:\Users\24062\Downloads\agentdiary\utils\npm-cache\_logs\2026-07-03T19_41_50_771Z-debug-0.log
11 silly logfile done cleaning log files
12 http fetch GET 200 https://registry.npmjs.org/expo-template-default 8523ms (cache revalidated)
13 http fetch GET 200 https://registry.npmjs.org/expo-template-default 130ms (cache revalidated)
14 http fetch GET 200 https://registry.npmjs.org/expo-template-default/-/expo-template-default-54.0.61.tgz 467ms (cache miss)
15 verbose cwd C:\Users\24062\AppData\Local\Temp\.create-expo-app\template-cache
16 verbose os Windows_NT 10.0.26200
17 verbose node v24.18.0
18 verbose npm  v11.16.0
19 verbose exit 0
20 info ok
