0 verbose cli C:\Users\24062\Downloads\agentdiary\utils\node\node.exe C:\Users\24062\Downloads\agentdiary\utils\node\node_modules\npm\bin\npm-cli.js
1 info using npm@11.16.0
2 info using node@v24.18.0
3 silly config load:file:C:\Users\24062\Downloads\agentdiary\utils\node\node_modules\npm\npmrc
4 silly config load:file:C:\Users\24062\Downloads\agentdiary\.npmrc
5 silly config load:file:C:\Users\24062\.npmrc
6 silly config load:file:C:\Users\24062\Downloads\agentdiary\utils\npm-global\etc\npmrc
7 verbose title npm exec create-expo-app@latest client --template expo-template-default@sdk-54
8 verbose argv "exec" "--yes" "--" "create-expo-app@latest" "client" "--template" "expo-template-default@sdk-54"
9 verbose logfile logs-max:10 dir:C:\Users\24062\Downloads\agentdiary\utils\npm-cache\_logs\2026-07-03T19_41_36_394Z-
10 verbose logfile C:\Users\24062\Downloads\agentdiary\utils\npm-cache\_logs\2026-07-03T19_41_36_394Z-debug-0.log
11 silly logfile done cleaning log files
12 silly packumentCache heap:4496293888 maxSize:1124073472 maxEntrySize:562036736
13 http fetch GET 200 https://registry.npmjs.org/create-expo-app 11804ms (cache revalidated)
14 silly packumentCache heap:4496293888 maxSize:1124073472 maxEntrySize:562036736
15 silly packumentCache heap:4496293888 maxSize:1124073472 maxEntrySize:562036736
16 verbose cwd C:\Users\24062\Downloads\agentdiary
17 verbose os Windows_NT 10.0.26200
18 verbose node v24.18.0
19 verbose npm  v11.16.0
20 verbose exit 0
21 info ok
