0 verbose cli C:\Users\24062\Downloads\agentdiary\utils\node\node.exe C:\Users\24062\Downloads\agentdiary\utils\node\node_modules\npm\bin\npm-cli.js
1 info using npm@11.16.0
2 info using node@v24.18.0
3 silly config load:file:C:\Users\24062\Downloads\agentdiary\utils\node\node_modules\npm\npmrc
4 silly config load:file:C:\Users\24062\Downloads\agentdiary\client\.npmrc
5 silly config load:file:C:\Users\24062\.npmrc
6 silly config load:file:C:\Users\24062\Downloads\agentdiary\utils\npm-global\etc\npmrc
7 verbose title npm uninstall react-native-gifted-chat
8 verbose argv "uninstall" "react-native-gifted-chat" "--no-fund" "--no-audit"
9 verbose logfile logs-max:10 dir:C:\Users\24062\Downloads\agentdiary\utils\npm-cache\_logs\2026-07-03T20_39_00_159Z-
10 verbose logfile C:\Users\24062\Downloads\agentdiary\utils\npm-cache\_logs\2026-07-03T20_39_00_159Z-debug-0.log
11 silly logfile start cleaning logs, removing 1 files
12 silly packumentCache heap:4496293888 maxSize:1124073472 maxEntrySize:562036736
13 silly logfile done cleaning log files
14 silly idealTree buildDeps
15 silly reify mark retired [
15 silly reify   'C:\\Users\\24062\\Downloads\\agentdiary\\client\\node_modules\\@expo\\react-native-action-sheet'
15 silly reify ]
16 silly reify mark retired [
16 silly reify   'C:\\Users\\24062\\Downloads\\agentdiary\\client\\node_modules\\@types\\hoist-non-react-statics'
16 silly reify ]
17 silly reify mark retired [
17 silly reify   'C:\\Users\\24062\\Downloads\\agentdiary\\client\\node_modules\\@types\\lodash'
17 silly reify ]
18 silly reify mark retired [
18 silly reify   'C:\\Users\\24062\\Downloads\\agentdiary\\client\\node_modules\\@types\\lodash.isequal'
18 silly reify ]
19 silly reify mark retired [
19 silly reify   'C:\\Users\\24062\\Downloads\\agentdiary\\client\\node_modules\\dayjs'
19 silly reify ]
20 silly reify mark retired [
20 silly reify   'C:\\Users\\24062\\Downloads\\agentdiary\\client\\node_modules\\lodash.isequal'
20 silly reify ]
21 silly reify mark retired [
21 silly reify   'C:\\Users\\24062\\Downloads\\agentdiary\\client\\node_modules\\react-native-gifted-chat'
21 silly reify ]
22 silly reify mark retired [
22 silly reify   'C:\\Users\\24062\\Downloads\\agentdiary\\client\\node_modules\\react-native-keyboard-controller'
22 silly reify ]
23 silly reify mark retired [
23 silly reify   'C:\\Users\\24062\\Downloads\\agentdiary\\client\\node_modules\\react-native-zoom-reanimated'
23 silly reify ]
24 silly reify moves {
24 silly reify   'C:\\Users\\24062\\Downloads\\agentdiary\\client\\node_modules\\@expo\\react-native-action-sheet': 'C:\\Users\\24062\\Downloads\\agentdiary\\client\\node_modules\\@expo\\.react-native-action-sheet-aasjcyIm',
24 silly reify   'C:\\Users\\24062\\Downloads\\agentdiary\\client\\node_modules\\@types\\hoist-non-react-statics': 'C:\\Users\\24062\\Downloads\\agentdiary\\client\\node_modules\\@types\\.hoist-non-react-statics-AVz7dZuP',
24 silly reify   'C:\\Users\\24062\\Downloads\\agentdiary\\client\\node_modules\\@types\\lodash': 'C:\\Users\\24062\\Downloads\\agentdiary\\client\\node_modules\\@types\\.lodash-gPuVVfYr',
24 silly reify   'C:\\Users\\24062\\Downloads\\agentdiary\\client\\node_modules\\@types\\lodash.isequal': 'C:\\Users\\24062\\Downloads\\agentdiary\\client\\node_modules\\@types\\.lodash.isequal-DpmdeDQJ',
24 silly reify   'C:\\Users\\24062\\Downloads\\agentdiary\\client\\node_modules\\dayjs': 'C:\\Users\\24062\\Downloads\\agentdiary\\client\\node_modules\\.dayjs-MnWgr1Qo',
24 silly reify   'C:\\Users\\24062\\Downloads\\agentdiary\\client\\node_modules\\lodash.isequal': 'C:\\Users\\24062\\Downloads\\agentdiary\\client\\node_modules\\.lodash.isequal-mSdZgU4D',
24 silly reify   'C:\\Users\\24062\\Downloads\\agentdiary\\client\\node_modules\\react-native-gifted-chat': 'C:\\Users\\24062\\Downloads\\agentdiary\\client\\node_modules\\.react-native-gifted-chat-fZgusNcF',
24 silly reify   'C:\\Users\\24062\\Downloads\\agentdiary\\client\\node_modules\\react-native-keyboard-controller': 'C:\\Users\\24062\\Downloads\\agentdiary\\client\\node_modules\\.react-native-keyboard-controller-chapbFBP',
24 silly reify   'C:\\Users\\24062\\Downloads\\agentdiary\\client\\node_modules\\react-native-zoom-reanimated': 'C:\\Users\\24062\\Downloads\\agentdiary\\client\\node_modules\\.react-native-zoom-reanimated-at0XeouF'
24 silly reify }
25 silly REMOVE node_modules/react-native-zoom-reanimated
26 silly REMOVE node_modules/react-native-keyboard-controller
27 silly REMOVE node_modules/react-native-gifted-chat
28 silly REMOVE node_modules/lodash.isequal
29 silly REMOVE node_modules/dayjs
30 silly REMOVE node_modules/@types/lodash.isequal
31 silly REMOVE node_modules/@types/lodash
32 silly REMOVE node_modules/@types/hoist-non-react-statics
33 silly REMOVE node_modules/@expo/react-native-action-sheet
34 warn allow-scripts 1 package has install scripts not yet covered by allowScripts:
34 warn allow-scripts   unrs-resolver@1.12.2 (install: (install scripts present))
34 warn allow-scripts
34 warn allow-scripts Run `npm approve-scripts --allow-scripts-pending` to review, or `npm approve-scripts <pkg>` to allow.
35 verbose cwd C:\Users\24062\Downloads\agentdiary\client
36 verbose os Windows_NT 10.0.26200
37 verbose node v24.18.0
38 verbose npm  v11.16.0
39 verbose exit 0
40 info ok
